{
  "version": "1.5.0",
  "plugins_used": [
    {
      "name": "ArtifactoryDetector"
    },
    {
      "name": "AWSKeyDetector"
    },
    {
      "name": "AzureStorageKeyDetector"
    },
    {
      "name": "Base64HighEntropyString",
      "limit": 4.5
    },
    {
      "name": "BasicAuthDetector"
    },
    {
      "name": "CloudantDetector"
    },
    {
      "name": "DiscordBotTokenDetector"
    },
    {
      "name": "GitHubTokenDetector"
    },
    {
      "name": "GitLabTokenDetector"
    },
    {
      "name": "HexHighEntropyString",
      "limit": 3.0
    },
    {
      "name": "IbmCloudIamDetector"
    },
    {
      "name": "IbmCosHmacDetector"
    },
    {
      "name": "IPPublicDetector"
    },
    {
      "name": "JwtTokenDetector"
    },
    {
      "name": "KeywordDetector",
      "keyword_exclude": ""
    },
    {
      "name": "MailchimpDetector"
    },
    {
      "name": "NpmDetector"
    },
    {
      "name": "OpenAIDetector"
    },
    {
      "name": "PrivateKeyDetector"
    },
    {
      "name": "PypiTokenDetector"
    },
    {
      "name": "SendGridDetector"
    },
    {
      "name": "SlackDetector"
    },
    {
      "name": "SoftlayerDetector"
    },
    {
      "name": "SquareOAuthDetector"
    },
    {
      "name": "StripeDetector"
    },
    {
      "name": "TelegramBotTokenDetector"
    },
    {
      "name": "TwilioKeyDetector"
    }
  ],
  "filters_used": [
    {
      "path": "detect_secrets.filters.allowlist.is_line_allowlisted"
    },
    {
      "path": "detect_secrets.filters.common.is_baseline_file",
      "filename": ".secrets.baseline"
    },
    {
      "path": "detect_secrets.filters.common.is_ignored_due_to_verification_policies",
      "min_level": 2
    },
    {
      "path": "detect_secrets.filters.heuristic.is_indirect_reference"
    },
    {
      "path": "detect_secrets.filters.heuristic.is_likely_id_string"
    },
    {
      "path": "detect_secrets.filters.heuristic.is_lock_file"
    },
    {
      "path": "detect_secrets.filters.heuristic.is_not_alphanumeric_string"
    },
    {
      "path": "detect_secrets.filters.heuristic.is_potential_uuid"
    },
    {
      "path": "detect_secrets.filters.heuristic.is_prefixed_with_dollar_sign"
    },
    {
      "path": "detect_secrets.filters.heuristic.is_sequential_string"
    },
    {
      "path": "detect_secrets.filters.heuristic.is_swagger_file"
    },
    {
      "path": "detect_secrets.filters.heuristic.is_templated_secret"
    },
    {
      "path": "detect_secrets.filters.regex.should_exclude_file",
      "pattern": [
        "\\.venv/|node_modules/|__pycache__/|\\.git/|dashboard/frontend/dist/|dashboard/evalyn_dashboard/static/"
      ]
    }
  ],
  "results": {
    "CONTRIBUTING.md": [
      {
        "type": "Secret Keyword",
        "filename": "CONTRIBUTING.md",
        "hashed_secret": "6d9c68c603e465077bdd49c62347fe54717f83a3",
        "is_verified": false,
        "line_number": 19
      }
    ],
    "README.md": [
      {
        "type": "Secret Keyword",
        "filename": "README.md",
        "hashed_secret": "89a6cfe2a229151e8055abee107d45ed087bbb4f",
        "is_verified": false,
        "line_number": 121
      }
    ],
    "dashboard/README.md": [
      {
        "type": "Secret Keyword",
        "filename": "dashboard/README.md",
        "hashed_secret": "ec3810e10fb78db55ce38b9c18d1c3eb1db739e0",
        "is_verified": false,
        "line_number": 47
      },
      {
        "type": "Secret Keyword",
        "filename": "dashboard/README.md",
        "hashed_secret": "c7a8c334eef5d1749fface7d42c66f9ae5e8cf36",
        "is_verified": false,
        "line_number": 48
      }
    ],
    "dashboard/tests/test_api_settings.py": [
      {
        "type": "Secret Keyword",
        "filename": "dashboard/tests/test_api_settings.py",
        "hashed_secret": "13951588fd3325e25ed1e3b116d7009fb221c85e",
        "is_verified": false,
        "line_number": 60
      },
      {
        "type": "Secret Keyword",
        "filename": "dashboard/tests/test_api_settings.py",
        "hashed_secret": "fe72967536aedcae9b1b1e4eaf2c53494e17a638",
        "is_verified": false,
        "line_number": 81
      },
      {
        "type": "Secret Keyword",
        "filename": "dashboard/tests/test_api_settings.py",
        "hashed_secret": "766a6e8998aefe2117d62c2d48411e43161ffa11",
        "is_verified": false,
        "line_number": 96
      },
      {
        "type": "Secret Keyword",
        "filename": "dashboard/tests/test_api_settings.py",
        "hashed_secret": "e9a5f12a8ecbb3eb46eca5096b5c52aa5e7c9fdd",
        "is_verified": false,
        "line_number": 240
      },
      {
        "type": "Secret Keyword",
        "filename": "dashboard/tests/test_api_settings.py",
        "hashed_secret": "76ce15edd5a8548603b6fd281d185f323234758f",
        "is_verified": false,
        "line_number": 336
      }
    ],
    "dashboard/tests/test_credentials.py": [
      {
        "type": "Secret Keyword",
        "filename": "dashboard/tests/test_credentials.py",
        "hashed_secret": "e9a5f12a8ecbb3eb46eca5096b5c52aa5e7c9fdd",
        "is_verified": false,
        "line_number": 50
      },
      {
        "type": "Secret Keyword",
        "filename": "dashboard/tests/test_credentials.py",
        "hashed_secret": "7e4b734bd0b3bff0b3c5a4fa1f05c75804b48e8b",
        "is_verified": false,
        "line_number": 77
      },
      {
        "type": "Secret Keyword",
        "filename": "dashboard/tests/test_credentials.py",
        "hashed_secret": "76ce15edd5a8548603b6fd281d185f323234758f",
        "is_verified": false,
        "line_number": 89
      },
      {
        "type": "Secret Keyword",
        "filename": "dashboard/tests/test_credentials.py",
        "hashed_secret": "bb3be8e9392f90cd6fdd90f9ffc3cc40e2d6b670",
        "is_verified": false,
        "line_number": 126
      },
      {
        "type": "Secret Keyword",
        "filename": "dashboard/tests/test_credentials.py",
        "hashed_secret": "766a6e8998aefe2117d62c2d48411e43161ffa11",
        "is_verified": false,
        "line_number": 342
      }
    ],
    "docs/clis/init.md": [
      {
        "type": "Secret Keyword",
        "filename": "docs/clis/init.md",
        "hashed_secret": "6d9c68c603e465077bdd49c62347fe54717f83a3",
        "is_verified": false,
        "line_number": 70
      }
    ],
    "sdk/evalyn_sdk/__init__.py": [
      {
        "type": "Artifactory Credentials",
        "filename": "sdk/evalyn_sdk/__init__.py",
        "hashed_secret": "c9ccdb565d463b4c2f3005c3118b03526767b0d0",
        "is_verified": false,
        "line_number": 94
      }
    ],
    "sdk/evalyn_sdk/annotation/__init__.py": [
      {
        "type": "Artifactory Credentials",
        "filename": "sdk/evalyn_sdk/annotation/__init__.py",
        "hashed_secret": "c9ccdb565d463b4c2f3005c3118b03526767b0d0",
        "is_verified": false,
        "line_number": 50
      }
    ],
    "sdk/evalyn_sdk/calibration/__init__.py": [
      {
        "type": "Artifactory Credentials",
        "filename": "sdk/evalyn_sdk/calibration/__init__.py",
        "hashed_secret": "c9ccdb565d463b4c2f3005c3118b03526767b0d0",
        "is_verified": false,
        "line_number": 54
      }
    ],
    "sdk/evalyn_sdk/calibration/ape.py": [
      {
        "type": "Artifactory Credentials",
        "filename": "sdk/evalyn_sdk/calibration/ape.py",
        "hashed_secret": "c9ccdb565d463b4c2f3005c3118b03526767b0d0",
        "is_verified": false,
        "line_number": 447
      }
    ],
    "sdk/evalyn_sdk/calibration/factory.py": [
      {
        "type": "Artifactory Credentials",
        "filename": "sdk/evalyn_sdk/calibration/factory.py",
        "hashed_secret": "c9ccdb565d463b4c2f3005c3118b03526767b0d0",
        "is_verified": false,
        "line_number": 17
      }
    ],
    "sdk/evalyn_sdk/cli/commands/infrastructure.py": [
      {
        "type": "Secret Keyword",
        "filename": "sdk/evalyn_sdk/cli/commands/infrastructure.py",
        "hashed_secret": "6d9c68c603e465077bdd49c62347fe54717f83a3",
        "is_verified": false,
        "line_number": 84
      }
    ],
    "sdk/skills/evalyn/SKILL.md": [
      {
        "type": "Secret Keyword",
        "filename": "sdk/skills/evalyn/SKILL.md",
        "hashed_secret": "6d9c68c603e465077bdd49c62347fe54717f83a3",
        "is_verified": false,
        "line_number": 96
      }
    ],
    "tests/cli/test_calibration_cli.sh": [
      {
        "type": "Secret Keyword",
        "filename": "tests/cli/test_calibration_cli.sh",
        "hashed_secret": "daec9b01b15f1c18d81bb2a77d45729f5ae33c49",
        "is_verified": false,
        "line_number": 62
      },
      {
        "type": "Secret Keyword",
        "filename": "tests/cli/test_calibration_cli.sh",
        "hashed_secret": "ae551bf30668109b9d0cc1c9f5863bcc68e3ee79",
        "is_verified": false,
        "line_number": 84
      },
      {
        "type": "Secret Keyword",
        "filename": "tests/cli/test_calibration_cli.sh",
        "hashed_secret": "20d13be08c7e0db8eb97d651538cf098fd640ede",
        "is_verified": false,
        "line_number": 100
      },
      {
        "type": "Secret Keyword",
        "filename": "tests/cli/test_calibration_cli.sh",
        "hashed_secret": "f6d3b00030846feeef1a4e11ec99655fc6549485",
        "is_verified": false,
        "line_number": 116
      },
      {
        "type": "Secret Keyword",
        "filename": "tests/cli/test_calibration_cli.sh",
        "hashed_secret": "aa777ed78c650a2281a24cc9be2ecf39cc59c9e7",
        "is_verified": false,
        "line_number": 131
      },
      {
        "type": "Secret Keyword",
        "filename": "tests/cli/test_calibration_cli.sh",
        "hashed_secret": "eb764e669e59dcebf2c80f4b14a846147bd657fb",
        "is_verified": false,
        "line_number": 147
      },
      {
        "type": "Secret Keyword",
        "filename": "tests/cli/test_calibration_cli.sh",
        "hashed_secret": "30f3ccce97a6194acc4f846544711b834c8e9bb7",
        "is_verified": false,
        "line_number": 162
      }
    ],
    "tests/cli/test_eval_cli.sh": [
      {
        "type": "Secret Keyword",
        "filename": "tests/cli/test_eval_cli.sh",
        "hashed_secret": "bf048670984f6c7789c8d83311fb7dad8d91eebb",
        "is_verified": false,
        "line_number": 104
      },
      {
        "type": "Secret Keyword",
        "filename": "tests/cli/test_eval_cli.sh",
        "hashed_secret": "8d12fc7cfd18d280eda49416ce7f36d14df80491",
        "is_verified": false,
        "line_number": 113
      },
      {
        "type": "Secret Keyword",
        "filename": "tests/cli/test_eval_cli.sh",
        "hashed_secret": "4f99be3c4a4bbc9c4421a1448438e181fd5d4fd0",
        "is_verified": false,
        "line_number": 128
      }
    ],
    "tests/cli/test_eval_prod.sh": [
      {
        "type": "Secret Keyword",
        "filename": "tests/cli/test_eval_prod.sh",
        "hashed_secret": "c26afd99361cf566fbc0b881d7443456d250dc31",
        "is_verified": false,
        "line_number": 133
      }
    ],
    "tests/cli/test_simulate_cli.sh": [
      {
        "type": "Secret Keyword",
        "filename": "tests/cli/test_simulate_cli.sh",
        "hashed_secret": "2833fcba1de759b38942c5ddae7c8cf0ea0b3144",
        "is_verified": false,
        "line_number": 41
      },
      {
        "type": "Secret Keyword",
        "filename": "tests/cli/test_simulate_cli.sh",
        "hashed_secret": "312bce9a5b9708235a33bb2600b3b55cc750f0fa",
        "is_verified": false,
        "line_number": 57
      },
      {
        "type": "Secret Keyword",
        "filename": "tests/cli/test_simulate_cli.sh",
        "hashed_secret": "dab8c4d07af51b6ca64d0ad204a84bda90d0a806",
        "is_verified": false,
        "line_number": 73
      },
      {
        "type": "Secret Keyword",
        "filename": "tests/cli/test_simulate_cli.sh",
        "hashed_secret": "384760cbc268dbe23e0f2638c8d8bfda3d1c9bdc",
        "is_verified": false,
        "line_number": 90
      }
    ],
    "tests/fixtures/calibration/meta.json": [
      {
        "type": "Hex High Entropy String",
        "filename": "tests/fixtures/calibration/meta.json",
        "hashed_secret": "386588e27b513a48c4ff13e65228a02691e6455c",
        "is_verified": false,
        "line_number": 35
      }
    ],
    "tests/setup_test_data.py": [
      {
        "type": "Secret Keyword",
        "filename": "tests/setup_test_data.py",
        "hashed_secret": "6d9c68c603e465077bdd49c62347fe54717f83a3",
        "is_verified": false,
        "line_number": 82
      }
    ],
    "tests/test_anonymous_export.py": [
      {
        "type": "Secret Keyword",
        "filename": "tests/test_anonymous_export.py",
        "hashed_secret": "f2b14f68eb995facb3a1c35287b778d5bd785511",
        "is_verified": false,
        "line_number": 221
      }
    ],
    "tests/test_ape.py": [
      {
        "type": "Artifactory Credentials",
        "filename": "tests/test_ape.py",
        "hashed_secret": "b4e8f07ad23011cc7febf8f12e47bdf416774ee3",
        "is_verified": false,
        "line_number": 412
      },
      {
        "type": "Artifactory Credentials",
        "filename": "tests/test_ape.py",
        "hashed_secret": "0e4ffcbca3a86d832243a38a48a1ef798fceb63d",
        "is_verified": false,
        "line_number": 415
      }
    ],
    "tests/test_imports.py": [
      {
        "type": "Artifactory Credentials",
        "filename": "tests/test_imports.py",
        "hashed_secret": "b4e8f07ad23011cc7febf8f12e47bdf416774ee3",
        "is_verified": false,
        "line_number": 210
      },
      {
        "type": "Artifactory Credentials",
        "filename": "tests/test_imports.py",
        "hashed_secret": "0e4ffcbca3a86d832243a38a48a1ef798fceb63d",
        "is_verified": false,
        "line_number": 212
      }
    ],
    "tests/test_optimizers.py": [
      {
        "type": "Secret Keyword",
        "filename": "tests/test_optimizers.py",
        "hashed_secret": "e9a5f12a8ecbb3eb46eca5096b5c52aa5e7c9fdd",
        "is_verified": false,
        "line_number": 41
      },
      {
        "type": "Artifactory Credentials",
        "filename": "tests/test_optimizers.py",
        "hashed_secret": "c9ccdb565d463b4c2f3005c3118b03526767b0d0",
        "is_verified": false,
        "line_number": 117
      }
    ],
    "tests/test_secrets_backend.py": [
      {
        "type": "Secret Keyword",
        "filename": "tests/test_secrets_backend.py",
        "hashed_secret": "91347ebb1ef816f9fd06856009285a24359954ab",
        "is_verified": false,
        "line_number": 250
      }
    ],
    "tests/test_storage_encryption.py": [
      {
        "type": "Secret Keyword",
        "filename": "tests/test_storage_encryption.py",
        "hashed_secret": "fef341f85d87439e7d91a2d465b9871ef66b5e98",
        "is_verified": false,
        "line_number": 131
      },
      {
        "type": "Secret Keyword",
        "filename": "tests/test_storage_encryption.py",
        "hashed_secret": "99d72c7fc3e2e145870beab37c0b70e343ea9c3b",
        "is_verified": false,
        "line_number": 192
      }
    ],
    "tests/test_trace_redaction.py": [
      {
        "type": "Base64 High Entropy String",
        "filename": "tests/test_trace_redaction.py",
        "hashed_secret": "73a06c975e29a8dbb163d99b0e16ef8189961c82",
        "is_verified": false,
        "line_number": 167
      },
      {
        "type": "Base64 High Entropy String",
        "filename": "tests/test_trace_redaction.py",
        "hashed_secret": "bb4a18edd694aa758cac6ac754451d426858e3cc",
        "is_verified": false,
        "line_number": 179
      }
    ],
    "tests/test_webhooks.py": [
      {
        "type": "Secret Keyword",
        "filename": "tests/test_webhooks.py",
        "hashed_secret": "0abb4aecd4da3ae89a90728abac56853c6bc4a09",
        "is_verified": false,
        "line_number": 201
      },
      {
        "type": "Secret Keyword",
        "filename": "tests/test_webhooks.py",
        "hashed_secret": "a62f2225bf70bfaccbc7f1ef2a397836717377de",
        "is_verified": false,
        "line_number": 229
      }
    ]
  },
  "generated_at": "2026-05-23T09:31:57Z"
}
